...........................................................awino: init failed.
  what happened: RuntimeError: disk on fire
  what it means: the command stopped before changing anything it hadn't already finished.
  next action: fix the cause above and re-run; nothing was left half-written.
.................................................................../usr/lib/python3.12/unittest/case.py:589: ResourceWarning: unclosed file <_io.BufferedWriter name=4>
  if method() is not None:
ResourceWarning: Enable tracemalloc to get the object allocation traceback
/usr/lib/python3.12/unittest/case.py:589: ResourceWarning: unclosed file <_io.BufferedReader name=5>
  if method() is not None:
ResourceWarning: Enable tracemalloc to get the object allocation traceback
/usr/lib/python3.12/unittest/case.py:589: ResourceWarning: unclosed file <_io.BufferedReader name=7>
  if method() is not None:
ResourceWarning: Enable tracemalloc to get the object allocation traceback
./usr/lib/python3.12/unittest/case.py:589: ResourceWarning: unclosed file <_io.BufferedWriter name=4>
  if method() is not None:
ResourceWarning: Enable tracemalloc to get the object allocation traceback
/usr/lib/python3.12/unittest/case.py:589: ResourceWarning: unclosed file <_io.BufferedReader name=5>
  if method() is not None:
ResourceWarning: Enable tracemalloc to get the object allocation traceback
/usr/lib/python3.12/unittest/case.py:589: ResourceWarning: unclosed file <_io.BufferedReader name=7>
  if method() is not None:
ResourceWarning: Enable tracemalloc to get the object allocation traceback
./usr/lib/python3.12/unittest/case.py:589: ResourceWarning: unclosed file <_io.BufferedWriter name=4>
  if method() is not None:
ResourceWarning: Enable tracemalloc to get the object allocation traceback
/usr/lib/python3.12/unittest/case.py:589: ResourceWarning: unclosed file <_io.BufferedReader name=5>
  if method() is not None:
ResourceWarning: Enable tracemalloc to get the object allocation traceback
/usr/lib/python3.12/unittest/case.py:589: ResourceWarning: unclosed file <_io.BufferedReader name=7>
  if method() is not None:
ResourceWarning: Enable tracemalloc to get the object allocation traceback
./home/hatch/workspace/awino-rebuild/prototype/tests/test_housekeeping_compaction.py:273: ResourceWarning: unclosed file <_io.TextIOWrapper name='/home/hatch/workspace/awino-rebuild/prototype/awino-sidecar-test-asyzalqx/.awino/contract.json' mode='r' encoding='utf-8'>
  data = json.load(open(p))
ResourceWarning: Enable tracemalloc to get the object allocation traceback
/home/hatch/workspace/awino-rebuild/prototype/tests/test_housekeeping_compaction.py:273: ResourceWarning: unclosed file <_io.TextIOWrapper name='/home/hatch/workspace/awino-rebuild/prototype/awino-sidecar-test-asyzalqx/.awino/housekeeping.json' mode='r' encoding='utf-8'>
  data = json.load(open(p))
ResourceWarning: Enable tracemalloc to get the object allocation traceback
/home/hatch/workspace/awino-rebuild/prototype/tests/test_housekeeping_compaction.py:273: ResourceWarning: unclosed file <_io.TextIOWrapper name='/home/hatch/workspace/awino-rebuild/prototype/awino-sidecar-test-asyzalqx/.awino/registry/meta.json' mode='r' encoding='utf-8'>
  data = json.load(open(p))
ResourceWarning: Enable tracemalloc to get the object allocation traceback
/home/hatch/workspace/awino-rebuild/prototype/tests/test_housekeeping_compaction.py:273: ResourceWarning: unclosed file <_io.TextIOWrapper name='/home/hatch/workspace/awino-rebuild/prototype/awino-sidecar-test-asyzalqx/.awino/registry/tasks.json' mode='r' encoding='utf-8'>
  data = json.load(open(p))
ResourceWarning: Enable tracemalloc to get the object allocation traceback
/usr/lib/python3.12/unittest/case.py:589: ResourceWarning: unclosed file <_io.BufferedWriter name=4>
  if method() is not None:
ResourceWarning: Enable tracemalloc to get the object allocation traceback
/usr/lib/python3.12/unittest/case.py:589: ResourceWarning: unclosed file <_io.BufferedReader name=5>
  if method() is not None:
ResourceWarning: Enable tracemalloc to get the object allocation traceback
/usr/lib/python3.12/unittest/case.py:589: ResourceWarning: unclosed file <_io.BufferedReader name=7>
  if method() is not None:
ResourceWarning: Enable tracemalloc to get the object allocation traceback
../usr/lib/python3.12/unittest/suite.py:107: ResourceWarning: unclosed file <_io.BufferedWriter name=4>
  for index, test in enumerate(self):
ResourceWarning: Enable tracemalloc to get the object allocation traceback
/usr/lib/python3.12/unittest/suite.py:107: ResourceWarning: unclosed file <_io.BufferedReader name=5>
  for index, test in enumerate(self):
ResourceWarning: Enable tracemalloc to get the object allocation traceback
/usr/lib/python3.12/unittest/suite.py:107: ResourceWarning: unclosed file <_io.BufferedReader name=7>
  for index, test in enumerate(self):
ResourceWarning: Enable tracemalloc to get the object allocation traceback
/home/hatch/workspace/awino-rebuild/prototype/tests/test_housekeeping_compaction.py:132: ResourceWarning: unclosed file <_io.TextIOWrapper name='/home/hatch/workspace/awino-rebuild/prototype/awino-sidecar-test-j_cxy9hu/.awino/housekeeping.json' mode='r' encoding='utf-8'>
  manifest = json.load(
ResourceWarning: Enable tracemalloc to get the object allocation traceback
./usr/lib/python3.12/unittest/suite.py:107: ResourceWarning: unclosed file <_io.BufferedWriter name=4>
  for index, test in enumerate(self):
ResourceWarning: Enable tracemalloc to get the object allocation traceback
/usr/lib/python3.12/unittest/suite.py:107: ResourceWarning: unclosed file <_io.BufferedReader name=5>
  for index, test in enumerate(self):
ResourceWarning: Enable tracemalloc to get the object allocation traceback
/usr/lib/python3.12/unittest/suite.py:107: ResourceWarning: unclosed file <_io.BufferedReader name=7>
  for index, test in enumerate(self):
ResourceWarning: Enable tracemalloc to get the object allocation traceback
/home/hatch/workspace/awino-rebuild/prototype/tests/test_housekeeping_compaction.py:92: ResourceWarning: unclosed file <_io.TextIOWrapper name='/home/hatch/workspace/awino-rebuild/prototype/awino-sidecar-test-v1zi8m9a/.awino/housekeeping.json' mode='r' encoding='utf-8'>
  manifest = json.load(open(mpath))
ResourceWarning: Enable tracemalloc to get the object allocation traceback
/home/hatch/workspace/awino-rebuild/prototype/tests/test_housekeeping_compaction.py:99: ResourceWarning: unclosed file <_io.TextIOWrapper name='/home/hatch/workspace/awino-rebuild/prototype/awino-sidecar-test-v1zi8m9a/.awino/contract.json' mode='r' encoding='utf-8'>
  self.assertEqual(json.load(open(cpath))["schema_version"], 1)
ResourceWarning: Enable tracemalloc to get the object allocation traceback
./usr/lib/python3.12/unittest/suite.py:84: ResourceWarning: unclosed file <_io.BufferedWriter name=4>
  return self.run(*args, **kwds)
ResourceWarning: Enable tracemalloc to get the object allocation traceback
/usr/lib/python3.12/unittest/suite.py:84: ResourceWarning: unclosed file <_io.BufferedReader name=5>
  return self.run(*args, **kwds)
ResourceWarning: Enable tracemalloc to get the object allocation traceback
/usr/lib/python3.12/unittest/suite.py:84: ResourceWarning: unclosed file <_io.BufferedReader name=7>
  return self.run(*args, **kwds)
ResourceWarning: Enable tracemalloc to get the object allocation traceback
.............................../usr/lib/python3.12/unittest/case.py:589: ResourceWarning: unclosed file <_io.TextIOWrapper name=5 encoding='utf-8'>
  if method() is not None:
ResourceWarning: Enable tracemalloc to get the object allocation traceback
/usr/lib/python3.12/unittest/case.py:589: ResourceWarning: unclosed file <_io.TextIOWrapper name=7 encoding='utf-8'>
  if method() is not None:
ResourceWarning: Enable tracemalloc to get the object allocation traceback
./usr/lib/python3.12/unittest/case.py:589: ResourceWarning: unclosed file <_io.TextIOWrapper name=5 encoding='utf-8'>
  if method() is not None:
ResourceWarning: Enable tracemalloc to get the object allocation traceback
/usr/lib/python3.12/unittest/case.py:589: ResourceWarning: unclosed file <_io.TextIOWrapper name=7 encoding='utf-8'>
  if method() is not None:
ResourceWarning: Enable tracemalloc to get the object allocation traceback
./usr/lib/python3.12/unittest/case.py:589: ResourceWarning: unclosed file <_io.TextIOWrapper name=5 encoding='utf-8'>
  if method() is not None:
ResourceWarning: Enable tracemalloc to get the object allocation traceback
/usr/lib/python3.12/unittest/case.py:589: ResourceWarning: unclosed file <_io.TextIOWrapper name=7 encoding='utf-8'>
  if method() is not None:
ResourceWarning: Enable tracemalloc to get the object allocation traceback
./usr/lib/python3.12/unittest/case.py:589: ResourceWarning: unclosed file <_io.TextIOWrapper name=5 encoding='utf-8'>
  if method() is not None:
ResourceWarning: Enable tracemalloc to get the object allocation traceback
/usr/lib/python3.12/unittest/case.py:589: ResourceWarning: unclosed file <_io.TextIOWrapper name=7 encoding='utf-8'>
  if method() is not None:
ResourceWarning: Enable tracemalloc to get the object allocation traceback
../usr/lib/python3.12/unittest/suite.py:107: ResourceWarning: unclosed file <_io.TextIOWrapper name=5 encoding='utf-8'>
  for index, test in enumerate(self):
ResourceWarning: Enable tracemalloc to get the object allocation traceback
/usr/lib/python3.12/unittest/suite.py:107: ResourceWarning: unclosed file <_io.TextIOWrapper name=7 encoding='utf-8'>
  for index, test in enumerate(self):
ResourceWarning: Enable tracemalloc to get the object allocation traceback
./usr/lib/python3.12/unittest/suite.py:107: ResourceWarning: unclosed file <_io.TextIOWrapper name=5 encoding='utf-8'>
  for index, test in enumerate(self):
ResourceWarning: Enable tracemalloc to get the object allocation traceback
/usr/lib/python3.12/unittest/suite.py:107: ResourceWarning: unclosed file <_io.TextIOWrapper name=7 encoding='utf-8'>
  for index, test in enumerate(self):
ResourceWarning: Enable tracemalloc to get the object allocation traceback
./usr/lib/python3.12/unittest/suite.py:107: ResourceWarning: unclosed file <_io.TextIOWrapper name=5 encoding='utf-8'>
  for index, test in enumerate(self):
ResourceWarning: Enable tracemalloc to get the object allocation traceback
/usr/lib/python3.12/unittest/suite.py:107: ResourceWarning: unclosed file <_io.TextIOWrapper name=7 encoding='utf-8'>
  for index, test in enumerate(self):
ResourceWarning: Enable tracemalloc to get the object allocation traceback
./usr/lib/python3.12/unittest/suite.py:107: ResourceWarning: unclosed file <_io.TextIOWrapper name=5 encoding='utf-8'>
  for index, test in enumerate(self):
ResourceWarning: Enable tracemalloc to get the object allocation traceback
/usr/lib/python3.12/unittest/suite.py:107: ResourceWarning: unclosed file <_io.TextIOWrapper name=7 encoding='utf-8'>
  for index, test in enumerate(self):
ResourceWarning: Enable tracemalloc to get the object allocation traceback
./usr/lib/python3.12/unittest/suite.py:107: ResourceWarning: unclosed file <_io.TextIOWrapper name=5 encoding='utf-8'>
  for index, test in enumerate(self):
ResourceWarning: Enable tracemalloc to get the object allocation traceback
/usr/lib/python3.12/unittest/suite.py:107: ResourceWarning: unclosed file <_io.TextIOWrapper name=7 encoding='utf-8'>
  for index, test in enumerate(self):
ResourceWarning: Enable tracemalloc to get the object allocation traceback
./usr/lib/python3.12/unittest/suite.py:107: ResourceWarning: unclosed file <_io.TextIOWrapper name=5 encoding='utf-8'>
  for index, test in enumerate(self):
ResourceWarning: Enable tracemalloc to get the object allocation traceback
/usr/lib/python3.12/unittest/suite.py:107: ResourceWarning: unclosed file <_io.TextIOWrapper name=7 encoding='utf-8'>
  for index, test in enumerate(self):
ResourceWarning: Enable tracemalloc to get the object allocation traceback
./usr/lib/python3.12/unittest/suite.py:107: ResourceWarning: unclosed file <_io.TextIOWrapper name=5 encoding='utf-8'>
  for index, test in enumerate(self):
ResourceWarning: Enable tracemalloc to get the object allocation traceback
/usr/lib/python3.12/unittest/suite.py:107: ResourceWarning: unclosed file <_io.TextIOWrapper name=7 encoding='utf-8'>
  for index, test in enumerate(self):
ResourceWarning: Enable tracemalloc to get the object allocation traceback
./usr/lib/python3.12/unittest/suite.py:107: ResourceWarning: unclosed file <_io.TextIOWrapper name=5 encoding='utf-8'>
  for index, test in enumerate(self):
ResourceWarning: Enable tracemalloc to get the object allocation traceback
/usr/lib/python3.12/unittest/suite.py:107: ResourceWarning: unclosed file <_io.TextIOWrapper name=7 encoding='utf-8'>
  for index, test in enumerate(self):
ResourceWarning: Enable tracemalloc to get the object allocation traceback
./usr/lib/python3.12/unittest/suite.py:107: ResourceWarning: unclosed file <_io.TextIOWrapper name=5 encoding='utf-8'>
  for index, test in enumerate(self):
ResourceWarning: Enable tracemalloc to get the object allocation traceback
/usr/lib/python3.12/unittest/suite.py:107: ResourceWarning: unclosed file <_io.TextIOWrapper name=7 encoding='utf-8'>
  for index, test in enumerate(self):
ResourceWarning: Enable tracemalloc to get the object allocation traceback
./usr/lib/python3.12/unittest/suite.py:107: ResourceWarning: unclosed file <_io.TextIOWrapper name=5 encoding='utf-8'>
  for index, test in enumerate(self):
ResourceWarning: Enable tracemalloc to get the object allocation traceback
/usr/lib/python3.12/unittest/suite.py:107: ResourceWarning: unclosed file <_io.TextIOWrapper name=7 encoding='utf-8'>
  for index, test in enumerate(self):
ResourceWarning: Enable tracemalloc to get the object allocation traceback
./usr/lib/python3.12/unittest/suite.py:107: ResourceWarning: unclosed file <_io.TextIOWrapper name=5 encoding='utf-8'>
  for index, test in enumerate(self):
ResourceWarning: Enable tracemalloc to get the object allocation traceback
/usr/lib/python3.12/unittest/suite.py:107: ResourceWarning: unclosed file <_io.TextIOWrapper name=7 encoding='utf-8'>
  for index, test in enumerate(self):
ResourceWarning: Enable tracemalloc to get the object allocation traceback
./usr/lib/python3.12/unittest/suite.py:84: ResourceWarning: unclosed file <_io.TextIOWrapper name=5 encoding='utf-8'>
  return self.run(*args, **kwds)
ResourceWarning: Enable tracemalloc to get the object allocation traceback
/usr/lib/python3.12/unittest/suite.py:84: ResourceWarning: unclosed file <_io.TextIOWrapper name=7 encoding='utf-8'>
  return self.run(*args, **kwds)
ResourceWarning: Enable tracemalloc to get the object allocation traceback
....................................................................................................../usr/lib/python3.12/unittest/suite.py:107: ResourceWarning: unclosed file <_io.BufferedWriter name=4>
  for index, test in enumerate(self):
ResourceWarning: Enable tracemalloc to get the object allocation traceback
/usr/lib/python3.12/unittest/suite.py:107: ResourceWarning: unclosed file <_io.BufferedReader name=5>
  for index, test in enumerate(self):
ResourceWarning: Enable tracemalloc to get the object allocation traceback
/usr/lib/python3.12/unittest/suite.py:107: ResourceWarning: unclosed file <_io.BufferedReader name=7>
  for index, test in enumerate(self):
ResourceWarning: Enable tracemalloc to get the object allocation traceback
./usr/lib/python3.12/unittest/suite.py:107: ResourceWarning: unclosed file <_io.BufferedWriter name=4>
  for index, test in enumerate(self):
ResourceWarning: Enable tracemalloc to get the object allocation traceback
/usr/lib/python3.12/unittest/suite.py:107: ResourceWarning: unclosed file <_io.BufferedReader name=5>
  for index, test in enumerate(self):
ResourceWarning: Enable tracemalloc to get the object allocation traceback
/usr/lib/python3.12/unittest/suite.py:107: ResourceWarning: unclosed file <_io.BufferedReader name=7>
  for index, test in enumerate(self):
ResourceWarning: Enable tracemalloc to get the object allocation traceback
./usr/lib/python3.12/unittest/suite.py:107: ResourceWarning: unclosed file <_io.BufferedWriter name=4>
  for index, test in enumerate(self):
ResourceWarning: Enable tracemalloc to get the object allocation traceback
/usr/lib/python3.12/unittest/suite.py:107: ResourceWarning: unclosed file <_io.BufferedReader name=5>
  for index, test in enumerate(self):
ResourceWarning: Enable tracemalloc to get the object allocation traceback
/usr/lib/python3.12/unittest/suite.py:107: ResourceWarning: unclosed file <_io.BufferedReader name=7>
  for index, test in enumerate(self):
ResourceWarning: Enable tracemalloc to get the object allocation traceback
./usr/lib/python3.12/unittest/suite.py:107: ResourceWarning: unclosed file <_io.BufferedWriter name=4>
  for index, test in enumerate(self):
ResourceWarning: Enable tracemalloc to get the object allocation traceback
/usr/lib/python3.12/unittest/suite.py:107: ResourceWarning: unclosed file <_io.BufferedReader name=5>
  for index, test in enumerate(self):
ResourceWarning: Enable tracemalloc to get the object allocation traceback
/usr/lib/python3.12/unittest/suite.py:107: ResourceWarning: unclosed file <_io.BufferedReader name=7>
  for index, test in enumerate(self):
ResourceWarning: Enable tracemalloc to get the object allocation traceback
./usr/lib/python3.12/unittest/suite.py:84: ResourceWarning: unclosed file <_io.BufferedWriter name=4>
  return self.run(*args, **kwds)
ResourceWarning: Enable tracemalloc to get the object allocation traceback
/usr/lib/python3.12/unittest/suite.py:84: ResourceWarning: unclosed file <_io.BufferedReader name=5>
  return self.run(*args, **kwds)
ResourceWarning: Enable tracemalloc to get the object allocation traceback
/usr/lib/python3.12/unittest/suite.py:84: ResourceWarning: unclosed file <_io.BufferedReader name=7>
  return self.run(*args, **kwds)
ResourceWarning: Enable tracemalloc to get the object allocation traceback
/usr/lib/python3.12/unittest/case.py:589: ResourceWarning: unclosed file <_io.BufferedWriter name=4>
  if method() is not None:
ResourceWarning: Enable tracemalloc to get the object allocation traceback
/usr/lib/python3.12/unittest/case.py:589: ResourceWarning: unclosed file <_io.BufferedReader name=5>
  if method() is not None:
ResourceWarning: Enable tracemalloc to get the object allocation traceback
/usr/lib/python3.12/unittest/case.py:589: ResourceWarning: unclosed file <_io.BufferedReader name=7>
  if method() is not None:
ResourceWarning: Enable tracemalloc to get the object allocation traceback
./usr/lib/python3.12/unittest/case.py:589: ResourceWarning: unclosed file <_io.BufferedWriter name=4>
  if method() is not None:
ResourceWarning: Enable tracemalloc to get the object allocation traceback
/usr/lib/python3.12/unittest/case.py:589: ResourceWarning: unclosed file <_io.BufferedReader name=5>
  if method() is not None:
ResourceWarning: Enable tracemalloc to get the object allocation traceback
/usr/lib/python3.12/unittest/case.py:589: ResourceWarning: unclosed file <_io.BufferedReader name=7>
  if method() is not None:
ResourceWarning: Enable tracemalloc to get the object allocation traceback
./usr/lib/python3.12/unittest/case.py:589: ResourceWarning: unclosed file <_io.BufferedWriter name=4>
  if method() is not None:
ResourceWarning: Enable tracemalloc to get the object allocation traceback
/usr/lib/python3.12/unittest/case.py:589: ResourceWarning: unclosed file <_io.BufferedReader name=5>
  if method() is not None:
ResourceWarning: Enable tracemalloc to get the object allocation traceback
/usr/lib/python3.12/unittest/case.py:589: ResourceWarning: unclosed file <_io.BufferedReader name=7>
  if method() is not None:
ResourceWarning: Enable tracemalloc to get the object allocation traceback
./usr/lib/python3.12/unittest/case.py:589: ResourceWarning: unclosed file <_io.BufferedWriter name=5>
  if method() is not None:
ResourceWarning: Enable tracemalloc to get the object allocation traceback
/usr/lib/python3.12/unittest/case.py:589: ResourceWarning: unclosed file <_io.BufferedReader name=6>
  if method() is not None:
ResourceWarning: Enable tracemalloc to get the object allocation traceback
/usr/lib/python3.12/unittest/case.py:589: ResourceWarning: unclosed file <_io.BufferedReader name=8>
  if method() is not None:
ResourceWarning: Enable tracemalloc to get the object allocation traceback
/usr/lib/python3.12/unittest/case.py:638: ResourceWarning: unclosed <socket.socket fd=3, family=2, type=1, proto=0, laddr=('127.0.0.1', 35677)>
  self.doCleanups()
ResourceWarning: Enable tracemalloc to get the object allocation traceback
./usr/lib/python3.12/unittest/case.py:589: ResourceWarning: unclosed file <_io.BufferedWriter name=5>
  if method() is not None:
ResourceWarning: Enable tracemalloc to get the object allocation traceback
/usr/lib/python3.12/unittest/case.py:589: ResourceWarning: unclosed file <_io.BufferedReader name=6>
  if method() is not None:
ResourceWarning: Enable tracemalloc to get the object allocation traceback
/usr/lib/python3.12/unittest/case.py:589: ResourceWarning: unclosed file <_io.BufferedReader name=8>
  if method() is not None:
ResourceWarning: Enable tracemalloc to get the object allocation traceback
/usr/lib/python3.12/unittest/case.py:638: ResourceWarning: unclosed <socket.socket fd=3, family=2, type=1, proto=0, laddr=('127.0.0.1', 51475)>
  self.doCleanups()
ResourceWarning: Enable tracemalloc to get the object allocation traceback
./usr/lib/python3.12/unittest/case.py:589: ResourceWarning: unclosed file <_io.BufferedWriter name=5>
  if method() is not None:
ResourceWarning: Enable tracemalloc to get the object allocation traceback
/usr/lib/python3.12/unittest/case.py:589: ResourceWarning: unclosed file <_io.BufferedReader name=6>
  if method() is not None:
ResourceWarning: Enable tracemalloc to get the object allocation traceback
/usr/lib/python3.12/unittest/case.py:589: ResourceWarning: unclosed file <_io.BufferedReader name=8>
  if method() is not None:
ResourceWarning: Enable tracemalloc to get the object allocation traceback
/usr/lib/python3.12/unittest/case.py:638: ResourceWarning: unclosed <socket.socket fd=3, family=2, type=1, proto=0, laddr=('127.0.0.1', 39507)>
  self.doCleanups()
ResourceWarning: Enable tracemalloc to get the object allocation traceback
../usr/lib/python3.12/unittest/suite.py:107: ResourceWarning: unclosed file <_io.BufferedWriter name=4>
  for index, test in enumerate(self):
ResourceWarning: Enable tracemalloc to get the object allocation traceback
/usr/lib/python3.12/unittest/suite.py:107: ResourceWarning: unclosed file <_io.BufferedReader name=5>
  for index, test in enumerate(self):
ResourceWarning: Enable tracemalloc to get the object allocation traceback
/usr/lib/python3.12/unittest/suite.py:107: ResourceWarning: unclosed file <_io.BufferedReader name=7>
  for index, test in enumerate(self):
ResourceWarning: Enable tracemalloc to get the object allocation traceback
/usr/lib/python3.12/subprocess.py:1127: ResourceWarning: subprocess 18701 is still running
  _warn("subprocess %s is still running" % self.pid,
ResourceWarning: Enable tracemalloc to get the object allocation traceback
./usr/lib/python3.12/subprocess.py:1127: ResourceWarning: subprocess 18700 is still running
  _warn("subprocess %s is still running" % self.pid,
ResourceWarning: Enable tracemalloc to get the object allocation traceback
/usr/lib/python3.12/subprocess.py:271: ResourceWarning: unclosed file <_io.BufferedWriter name=6>
  for inst in _active[:]:
ResourceWarning: Enable tracemalloc to get the object allocation traceback
/usr/lib/python3.12/subprocess.py:271: ResourceWarning: unclosed file <_io.BufferedReader name=8>
  for inst in _active[:]:
ResourceWarning: Enable tracemalloc to get the object allocation traceback
/usr/lib/python3.12/subprocess.py:271: ResourceWarning: unclosed file <_io.BufferedReader name=10>
  for inst in _active[:]:
ResourceWarning: Enable tracemalloc to get the object allocation traceback
./usr/lib/python3.12/unittest/suite.py:107: ResourceWarning: unclosed file <_io.BufferedWriter name=6>
  for index, test in enumerate(self):
ResourceWarning: Enable tracemalloc to get the object allocation traceback
/usr/lib/python3.12/unittest/suite.py:107: ResourceWarning: unclosed file <_io.BufferedReader name=8>
  for index, test in enumerate(self):
ResourceWarning: Enable tracemalloc to get the object allocation traceback
/usr/lib/python3.12/unittest/suite.py:107: ResourceWarning: unclosed file <_io.BufferedReader name=10>
  for index, test in enumerate(self):
ResourceWarning: Enable tracemalloc to get the object allocation traceback
/usr/lib/python3.12/subprocess.py:822: ResourceWarning: unclosed file <_io.BufferedWriter name=4>
  _cleanup()
ResourceWarning: Enable tracemalloc to get the object allocation traceback
/usr/lib/python3.12/subprocess.py:822: ResourceWarning: unclosed file <_io.BufferedReader name=5>
  _cleanup()
ResourceWarning: Enable tracemalloc to get the object allocation traceback
/usr/lib/python3.12/subprocess.py:822: ResourceWarning: unclosed file <_io.BufferedReader name=7>
  _cleanup()
ResourceWarning: Enable tracemalloc to get the object allocation traceback
./usr/lib/python3.12/unittest/suite.py:107: ResourceWarning: unclosed file <_io.BufferedWriter name=4>
  for index, test in enumerate(self):
ResourceWarning: Enable tracemalloc to get the object allocation traceback
/usr/lib/python3.12/unittest/suite.py:107: ResourceWarning: unclosed file <_io.BufferedReader name=5>
  for index, test in enumerate(self):
ResourceWarning: Enable tracemalloc to get the object allocation traceback
/usr/lib/python3.12/unittest/suite.py:107: ResourceWarning: unclosed file <_io.BufferedReader name=7>
  for index, test in enumerate(self):
ResourceWarning: Enable tracemalloc to get the object allocation traceback
./usr/lib/python3.12/unittest/suite.py:107: ResourceWarning: unclosed file <_io.BufferedWriter name=4>
  for index, test in enumerate(self):
ResourceWarning: Enable tracemalloc to get the object allocation traceback
/usr/lib/python3.12/unittest/suite.py:107: ResourceWarning: unclosed file <_io.BufferedReader name=5>
  for index, test in enumerate(self):
ResourceWarning: Enable tracemalloc to get the object allocation traceback
/usr/lib/python3.12/unittest/suite.py:107: ResourceWarning: unclosed file <_io.BufferedReader name=7>
  for index, test in enumerate(self):
ResourceWarning: Enable tracemalloc to get the object allocation traceback
./usr/lib/python3.12/unittest/suite.py:107: ResourceWarning: unclosed file <_io.BufferedWriter name=4>
  for index, test in enumerate(self):
ResourceWarning: Enable tracemalloc to get the object allocation traceback
/usr/lib/python3.12/unittest/suite.py:107: ResourceWarning: unclosed file <_io.BufferedReader name=5>
  for index, test in enumerate(self):
ResourceWarning: Enable tracemalloc to get the object allocation traceback
/usr/lib/python3.12/unittest/suite.py:107: ResourceWarning: unclosed file <_io.BufferedReader name=7>
  for index, test in enumerate(self):
ResourceWarning: Enable tracemalloc to get the object allocation traceback
./usr/lib/python3.12/unittest/suite.py:84: ResourceWarning: unclosed file <_io.BufferedWriter name=4>
  return self.run(*args, **kwds)
ResourceWarning: Enable tracemalloc to get the object allocation traceback
/usr/lib/python3.12/unittest/suite.py:84: ResourceWarning: unclosed file <_io.BufferedReader name=5>
  return self.run(*args, **kwds)
ResourceWarning: Enable tracemalloc to get the object allocation traceback
/usr/lib/python3.12/unittest/suite.py:84: ResourceWarning: unclosed file <_io.BufferedReader name=7>
  return self.run(*args, **kwds)
ResourceWarning: Enable tracemalloc to get the object allocation traceback
./usr/lib/python3.12/unittest/suite.py:107: ResourceWarning: unclosed file <_io.BufferedWriter name=4>
  for index, test in enumerate(self):
ResourceWarning: Enable tracemalloc to get the object allocation traceback
/usr/lib/python3.12/unittest/suite.py:107: ResourceWarning: unclosed file <_io.BufferedReader name=5>
  for index, test in enumerate(self):
ResourceWarning: Enable tracemalloc to get the object allocation traceback
/usr/lib/python3.12/unittest/suite.py:107: ResourceWarning: unclosed file <_io.BufferedReader name=7>
  for index, test in enumerate(self):
ResourceWarning: Enable tracemalloc to get the object allocation traceback
./usr/lib/python3.12/unittest/suite.py:107: ResourceWarning: unclosed file <_io.BufferedWriter name=4>
  for index, test in enumerate(self):
ResourceWarning: Enable tracemalloc to get the object allocation traceback
/usr/lib/python3.12/unittest/suite.py:107: ResourceWarning: unclosed file <_io.BufferedReader name=5>
  for index, test in enumerate(self):
ResourceWarning: Enable tracemalloc to get the object allocation traceback
/usr/lib/python3.12/unittest/suite.py:107: ResourceWarning: unclosed file <_io.BufferedReader name=7>
  for index, test in enumerate(self):
ResourceWarning: Enable tracemalloc to get the object allocation traceback
./usr/lib/python3.12/unittest/suite.py:107: ResourceWarning: unclosed file <_io.BufferedWriter name=4>
  for index, test in enumerate(self):
ResourceWarning: Enable tracemalloc to get the object allocation traceback
/usr/lib/python3.12/unittest/suite.py:107: ResourceWarning: unclosed file <_io.BufferedReader name=5>
  for index, test in enumerate(self):
ResourceWarning: Enable tracemalloc to get the object allocation traceback
/usr/lib/python3.12/unittest/suite.py:107: ResourceWarning: unclosed file <_io.BufferedReader name=7>
  for index, test in enumerate(self):
ResourceWarning: Enable tracemalloc to get the object allocation traceback
./usr/lib/python3.12/unittest/suite.py:107: ResourceWarning: unclosed file <_io.BufferedWriter name=4>
  for index, test in enumerate(self):
ResourceWarning: Enable tracemalloc to get the object allocation traceback
/usr/lib/python3.12/unittest/suite.py:107: ResourceWarning: unclosed file <_io.BufferedReader name=5>
  for index, test in enumerate(self):
ResourceWarning: Enable tracemalloc to get the object allocation traceback
/usr/lib/python3.12/unittest/suite.py:107: ResourceWarning: unclosed file <_io.BufferedReader name=7>
  for index, test in enumerate(self):
ResourceWarning: Enable tracemalloc to get the object allocation traceback
./usr/lib/python3.12/unittest/suite.py:84: ResourceWarning: unclosed file <_io.BufferedWriter name=4>
  return self.run(*args, **kwds)
ResourceWarning: Enable tracemalloc to get the object allocation traceback
/usr/lib/python3.12/unittest/suite.py:84: ResourceWarning: unclosed file <_io.BufferedReader name=5>
  return self.run(*args, **kwds)
ResourceWarning: Enable tracemalloc to get the object allocation traceback
/usr/lib/python3.12/unittest/suite.py:84: ResourceWarning: unclosed file <_io.BufferedReader name=7>
  return self.run(*args, **kwds)
ResourceWarning: Enable tracemalloc to get the object allocation traceback
./usr/lib/python3.12/unittest/suite.py:107: ResourceWarning: unclosed file <_io.BufferedWriter name=4>
  for index, test in enumerate(self):
ResourceWarning: Enable tracemalloc to get the object allocation traceback
/usr/lib/python3.12/unittest/suite.py:107: ResourceWarning: unclosed file <_io.BufferedReader name=5>
  for index, test in enumerate(self):
ResourceWarning: Enable tracemalloc to get the object allocation traceback
/usr/lib/python3.12/unittest/suite.py:107: ResourceWarning: unclosed file <_io.BufferedReader name=7>
  for index, test in enumerate(self):
ResourceWarning: Enable tracemalloc to get the object allocation traceback
./usr/lib/python3.12/unittest/suite.py:107: ResourceWarning: unclosed file <_io.BufferedWriter name=4>
  for index, test in enumerate(self):
ResourceWarning: Enable tracemalloc to get the object allocation traceback
/usr/lib/python3.12/unittest/suite.py:107: ResourceWarning: unclosed file <_io.BufferedReader name=5>
  for index, test in enumerate(self):
ResourceWarning: Enable tracemalloc to get the object allocation traceback
/usr/lib/python3.12/unittest/suite.py:107: ResourceWarning: unclosed file <_io.BufferedReader name=7>
  for index, test in enumerate(self):
ResourceWarning: Enable tracemalloc to get the object allocation traceback
./usr/lib/python3.12/unittest/suite.py:84: ResourceWarning: unclosed file <_io.BufferedWriter name=4>
  return self.run(*args, **kwds)
ResourceWarning: Enable tracemalloc to get the object allocation traceback
/usr/lib/python3.12/unittest/suite.py:84: ResourceWarning: unclosed file <_io.BufferedReader name=5>
  return self.run(*args, **kwds)
ResourceWarning: Enable tracemalloc to get the object allocation traceback
/usr/lib/python3.12/unittest/suite.py:84: ResourceWarning: unclosed file <_io.BufferedReader name=7>
  return self.run(*args, **kwds)
ResourceWarning: Enable tracemalloc to get the object allocation traceback
................./home/hatch/workspace/awino-rebuild/prototype/tests/test_skills.py:24: ResourceWarning: unclosed file <_io.TextIOWrapper name='/home/hatch/workspace/awino-rebuild/prototype/tests/../skills/manifest.json' mode='r' encoding='utf-8'>
  manifest = json.load(open(STORE_DIR / "manifest.json"))
ResourceWarning: Enable tracemalloc to get the object allocation traceback
.....................................................................................
----------------------------------------------------------------------
Ran 409 tests in 356.056s

OK
