..................................F........................awino: init failed.
  what happened: RuntimeError: disk on fire
  what it means: the command stopped before changing anything it hadn't already finished.
  next action: fix the cause above and re-run; nothing was left half-written.
.................................................................../usr/lib/python3.12/unittest/case.py:589: ResourceWarning: unclosed file <_io.BufferedWriter name=4>
  if method() is not None:
ResourceWarning: Enable tracemalloc to get the object allocation traceback
/usr/lib/python3.12/unittest/case.py:589: ResourceWarning: unclosed file <_io.BufferedReader name=5>
  if method() is not None:
ResourceWarning: Enable tracemalloc to get the object allocation traceback
/usr/lib/python3.12/unittest/case.py:589: ResourceWarning: unclosed file <_io.BufferedReader name=7>
  if method() is not None:
ResourceWarning: Enable tracemalloc to get the object allocation traceback
./usr/lib/python3.12/unittest/case.py:589: ResourceWarning: unclosed file <_io.BufferedWriter name=4>
  if method() is not None:
ResourceWarning: Enable tracemalloc to get the object allocation traceback
/usr/lib/python3.12/unittest/case.py:589: ResourceWarning: unclosed file <_io.BufferedReader name=5>
  if method() is not None:
ResourceWarning: Enable tracemalloc to get the object allocation traceback
/usr/lib/python3.12/unittest/case.py:589: ResourceWarning: unclosed file <_io.BufferedReader name=7>
  if method() is not None:
ResourceWarning: Enable tracemalloc to get the object allocation traceback
./usr/lib/python3.12/unittest/case.py:589: ResourceWarning: unclosed file <_io.BufferedWriter name=4>
  if method() is not None:
ResourceWarning: Enable tracemalloc to get the object allocation traceback
/usr/lib/python3.12/unittest/case.py:589: ResourceWarning: unclosed file <_io.BufferedReader name=5>
  if method() is not None:
ResourceWarning: Enable tracemalloc to get the object allocation traceback
/usr/lib/python3.12/unittest/case.py:589: ResourceWarning: unclosed file <_io.BufferedReader name=7>
  if method() is not None:
ResourceWarning: Enable tracemalloc to get the object allocation traceback
./home/hatch/workspace/awino-rebuild/prototype/tests/test_housekeeping_compaction.py:273: ResourceWarning: unclosed file <_io.TextIOWrapper name='/home/hatch/workspace/awino-rebuild/prototype/awino-sidecar-test-9kniup3f/.awino/contract.json' mode='r' encoding='utf-8'>
  data = json.load(open(p))
ResourceWarning: Enable tracemalloc to get the object allocation traceback
/home/hatch/workspace/awino-rebuild/prototype/tests/test_housekeeping_compaction.py:273: ResourceWarning: unclosed file <_io.TextIOWrapper name='/home/hatch/workspace/awino-rebuild/prototype/awino-sidecar-test-9kniup3f/.awino/housekeeping.json' mode='r' encoding='utf-8'>
  data = json.load(open(p))
ResourceWarning: Enable tracemalloc to get the object allocation traceback
/home/hatch/workspace/awino-rebuild/prototype/tests/test_housekeeping_compaction.py:273: ResourceWarning: unclosed file <_io.TextIOWrapper name='/home/hatch/workspace/awino-rebuild/prototype/awino-sidecar-test-9kniup3f/.awino/registry/meta.json' mode='r' encoding='utf-8'>
  data = json.load(open(p))
ResourceWarning: Enable tracemalloc to get the object allocation traceback
/home/hatch/workspace/awino-rebuild/prototype/tests/test_housekeeping_compaction.py:273: ResourceWarning: unclosed file <_io.TextIOWrapper name='/home/hatch/workspace/awino-rebuild/prototype/awino-sidecar-test-9kniup3f/.awino/registry/tasks.json' mode='r' encoding='utf-8'>
  data = json.load(open(p))
ResourceWarning: Enable tracemalloc to get the object allocation traceback
/usr/lib/python3.12/unittest/case.py:589: ResourceWarning: unclosed file <_io.BufferedWriter name=4>
  if method() is not None:
ResourceWarning: Enable tracemalloc to get the object allocation traceback
/usr/lib/python3.12/unittest/case.py:589: ResourceWarning: unclosed file <_io.BufferedReader name=5>
  if method() is not None:
ResourceWarning: Enable tracemalloc to get the object allocation traceback
/usr/lib/python3.12/unittest/case.py:589: ResourceWarning: unclosed file <_io.BufferedReader name=7>
  if method() is not None:
ResourceWarning: Enable tracemalloc to get the object allocation traceback
../usr/lib/python3.12/unittest/suite.py:107: ResourceWarning: unclosed file <_io.BufferedWriter name=4>
  for index, test in enumerate(self):
ResourceWarning: Enable tracemalloc to get the object allocation traceback
/usr/lib/python3.12/unittest/suite.py:107: ResourceWarning: unclosed file <_io.BufferedReader name=5>
  for index, test in enumerate(self):
ResourceWarning: Enable tracemalloc to get the object allocation traceback
/usr/lib/python3.12/unittest/suite.py:107: ResourceWarning: unclosed file <_io.BufferedReader name=7>
  for index, test in enumerate(self):
ResourceWarning: Enable tracemalloc to get the object allocation traceback
/home/hatch/workspace/awino-rebuild/prototype/tests/test_housekeeping_compaction.py:132: ResourceWarning: unclosed file <_io.TextIOWrapper name='/home/hatch/workspace/awino-rebuild/prototype/awino-sidecar-test-wa5relw4/.awino/housekeeping.json' mode='r' encoding='utf-8'>
  manifest = json.load(
ResourceWarning: Enable tracemalloc to get the object allocation traceback
./usr/lib/python3.12/unittest/suite.py:107: ResourceWarning: unclosed file <_io.BufferedWriter name=4>
  for index, test in enumerate(self):
ResourceWarning: Enable tracemalloc to get the object allocation traceback
/usr/lib/python3.12/unittest/suite.py:107: ResourceWarning: unclosed file <_io.BufferedReader name=5>
  for index, test in enumerate(self):
ResourceWarning: Enable tracemalloc to get the object allocation traceback
/usr/lib/python3.12/unittest/suite.py:107: ResourceWarning: unclosed file <_io.BufferedReader name=7>
  for index, test in enumerate(self):
ResourceWarning: Enable tracemalloc to get the object allocation traceback
/home/hatch/workspace/awino-rebuild/prototype/tests/test_housekeeping_compaction.py:92: ResourceWarning: unclosed file <_io.TextIOWrapper name='/home/hatch/workspace/awino-rebuild/prototype/awino-sidecar-test-nf1dzdy5/.awino/housekeeping.json' mode='r' encoding='utf-8'>
  manifest = json.load(open(mpath))
ResourceWarning: Enable tracemalloc to get the object allocation traceback
/home/hatch/workspace/awino-rebuild/prototype/tests/test_housekeeping_compaction.py:99: ResourceWarning: unclosed file <_io.TextIOWrapper name='/home/hatch/workspace/awino-rebuild/prototype/awino-sidecar-test-nf1dzdy5/.awino/contract.json' mode='r' encoding='utf-8'>
  self.assertEqual(json.load(open(cpath))["schema_version"], 1)
ResourceWarning: Enable tracemalloc to get the object allocation traceback
./usr/lib/python3.12/unittest/suite.py:84: ResourceWarning: unclosed file <_io.BufferedWriter name=4>
  return self.run(*args, **kwds)
ResourceWarning: Enable tracemalloc to get the object allocation traceback
/usr/lib/python3.12/unittest/suite.py:84: ResourceWarning: unclosed file <_io.BufferedReader name=5>
  return self.run(*args, **kwds)
ResourceWarning: Enable tracemalloc to get the object allocation traceback
/usr/lib/python3.12/unittest/suite.py:84: ResourceWarning: unclosed file <_io.BufferedReader name=7>
  return self.run(*args, **kwds)
ResourceWarning: Enable tracemalloc to get the object allocation traceback
.............................../usr/lib/python3.12/unittest/case.py:589: ResourceWarning: unclosed file <_io.TextIOWrapper name=5 encoding='utf-8'>
  if method() is not None:
ResourceWarning: Enable tracemalloc to get the object allocation traceback
/usr/lib/python3.12/unittest/case.py:589: ResourceWarning: unclosed file <_io.TextIOWrapper name=7 encoding='utf-8'>
  if method() is not None:
ResourceWarning: Enable tracemalloc to get the object allocation traceback
./usr/lib/python3.12/unittest/case.py:589: ResourceWarning: unclosed file <_io.TextIOWrapper name=5 encoding='utf-8'>
  if method() is not None:
ResourceWarning: Enable tracemalloc to get the object allocation traceback
/usr/lib/python3.12/unittest/case.py:589: ResourceWarning: unclosed file <_io.TextIOWrapper name=7 encoding='utf-8'>
  if method() is not None:
ResourceWarning: Enable tracemalloc to get the object allocation traceback
./usr/lib/python3.12/unittest/case.py:589: ResourceWarning: unclosed file <_io.TextIOWrapper name=5 encoding='utf-8'>
  if method() is not None:
ResourceWarning: Enable tracemalloc to get the object allocation traceback
/usr/lib/python3.12/unittest/case.py:589: ResourceWarning: unclosed file <_io.TextIOWrapper name=7 encoding='utf-8'>
  if method() is not None:
ResourceWarning: Enable tracemalloc to get the object allocation traceback
./usr/lib/python3.12/unittest/case.py:589: ResourceWarning: unclosed file <_io.TextIOWrapper name=5 encoding='utf-8'>
  if method() is not None:
ResourceWarning: Enable tracemalloc to get the object allocation traceback
/usr/lib/python3.12/unittest/case.py:589: ResourceWarning: unclosed file <_io.TextIOWrapper name=7 encoding='utf-8'>
  if method() is not None:
ResourceWarning: Enable tracemalloc to get the object allocation traceback
../usr/lib/python3.12/unittest/suite.py:107: ResourceWarning: unclosed file <_io.TextIOWrapper name=5 encoding='utf-8'>
  for index, test in enumerate(self):
ResourceWarning: Enable tracemalloc to get the object allocation traceback
/usr/lib/python3.12/unittest/suite.py:107: ResourceWarning: unclosed file <_io.TextIOWrapper name=7 encoding='utf-8'>
  for index, test in enumerate(self):
ResourceWarning: Enable tracemalloc to get the object allocation traceback
./usr/lib/python3.12/unittest/suite.py:107: ResourceWarning: unclosed file <_io.TextIOWrapper name=5 encoding='utf-8'>
  for index, test in enumerate(self):
ResourceWarning: Enable tracemalloc to get the object allocation traceback
/usr/lib/python3.12/unittest/suite.py:107: ResourceWarning: unclosed file <_io.TextIOWrapper name=7 encoding='utf-8'>
  for index, test in enumerate(self):
ResourceWarning: Enable tracemalloc to get the object allocation traceback
./usr/lib/python3.12/unittest/suite.py:107: ResourceWarning: unclosed file <_io.TextIOWrapper name=5 encoding='utf-8'>
  for index, test in enumerate(self):
ResourceWarning: Enable tracemalloc to get the object allocation traceback
/usr/lib/python3.12/unittest/suite.py:107: ResourceWarning: unclosed file <_io.TextIOWrapper name=7 encoding='utf-8'>
  for index, test in enumerate(self):
ResourceWarning: Enable tracemalloc to get the object allocation traceback
./usr/lib/python3.12/unittest/suite.py:107: ResourceWarning: unclosed file <_io.TextIOWrapper name=5 encoding='utf-8'>
  for index, test in enumerate(self):
ResourceWarning: Enable tracemalloc to get the object allocation traceback
/usr/lib/python3.12/unittest/suite.py:107: ResourceWarning: unclosed file <_io.TextIOWrapper name=7 encoding='utf-8'>
  for index, test in enumerate(self):
ResourceWarning: Enable tracemalloc to get the object allocation traceback
./usr/lib/python3.12/unittest/suite.py:107: ResourceWarning: unclosed file <_io.TextIOWrapper name=5 encoding='utf-8'>
  for index, test in enumerate(self):
ResourceWarning: Enable tracemalloc to get the object allocation traceback
/usr/lib/python3.12/unittest/suite.py:107: ResourceWarning: unclosed file <_io.TextIOWrapper name=7 encoding='utf-8'>
  for index, test in enumerate(self):
ResourceWarning: Enable tracemalloc to get the object allocation traceback
./usr/lib/python3.12/unittest/suite.py:107: ResourceWarning: unclosed file <_io.TextIOWrapper name=5 encoding='utf-8'>
  for index, test in enumerate(self):
ResourceWarning: Enable tracemalloc to get the object allocation traceback
/usr/lib/python3.12/unittest/suite.py:107: ResourceWarning: unclosed file <_io.TextIOWrapper name=7 encoding='utf-8'>
  for index, test in enumerate(self):
ResourceWarning: Enable tracemalloc to get the object allocation traceback
./usr/lib/python3.12/unittest/suite.py:107: ResourceWarning: unclosed file <_io.TextIOWrapper name=5 encoding='utf-8'>
  for index, test in enumerate(self):
ResourceWarning: Enable tracemalloc to get the object allocation traceback
/usr/lib/python3.12/unittest/suite.py:107: ResourceWarning: unclosed file <_io.TextIOWrapper name=7 encoding='utf-8'>
  for index, test in enumerate(self):
ResourceWarning: Enable tracemalloc to get the object allocation traceback
./usr/lib/python3.12/unittest/suite.py:107: ResourceWarning: unclosed file <_io.TextIOWrapper name=5 encoding='utf-8'>
  for index, test in enumerate(self):
ResourceWarning: Enable tracemalloc to get the object allocation traceback
/usr/lib/python3.12/unittest/suite.py:107: ResourceWarning: unclosed file <_io.TextIOWrapper name=7 encoding='utf-8'>
  for index, test in enumerate(self):
ResourceWarning: Enable tracemalloc to get the object allocation traceback
./usr/lib/python3.12/unittest/suite.py:107: ResourceWarning: unclosed file <_io.TextIOWrapper name=5 encoding='utf-8'>
  for index, test in enumerate(self):
ResourceWarning: Enable tracemalloc to get the object allocation traceback
/usr/lib/python3.12/unittest/suite.py:107: ResourceWarning: unclosed file <_io.TextIOWrapper name=7 encoding='utf-8'>
  for index, test in enumerate(self):
ResourceWarning: Enable tracemalloc to get the object allocation traceback
./usr/lib/python3.12/unittest/suite.py:107: ResourceWarning: unclosed file <_io.TextIOWrapper name=5 encoding='utf-8'>
  for index, test in enumerate(self):
ResourceWarning: Enable tracemalloc to get the object allocation traceback
/usr/lib/python3.12/unittest/suite.py:107: ResourceWarning: unclosed file <_io.TextIOWrapper name=7 encoding='utf-8'>
  for index, test in enumerate(self):
ResourceWarning: Enable tracemalloc to get the object allocation traceback
./usr/lib/python3.12/unittest/suite.py:107: ResourceWarning: unclosed file <_io.TextIOWrapper name=5 encoding='utf-8'>
  for index, test in enumerate(self):
ResourceWarning: Enable tracemalloc to get the object allocation traceback
/usr/lib/python3.12/unittest/suite.py:107: ResourceWarning: unclosed file <_io.TextIOWrapper name=7 encoding='utf-8'>
  for index, test in enumerate(self):
ResourceWarning: Enable tracemalloc to get the object allocation traceback
./usr/lib/python3.12/unittest/suite.py:84: ResourceWarning: unclosed file <_io.TextIOWrapper name=5 encoding='utf-8'>
  return self.run(*args, **kwds)
ResourceWarning: Enable tracemalloc to get the object allocation traceback
/usr/lib/python3.12/unittest/suite.py:84: ResourceWarning: unclosed file <_io.TextIOWrapper name=7 encoding='utf-8'>
  return self.run(*args, **kwds)
ResourceWarning: Enable tracemalloc to get the object allocation traceback
....................................................................................................../usr/lib/python3.12/unittest/suite.py:107: ResourceWarning: unclosed file <_io.BufferedWriter name=4>
  for index, test in enumerate(self):
ResourceWarning: Enable tracemalloc to get the object allocation traceback
/usr/lib/python3.12/unittest/suite.py:107: ResourceWarning: unclosed file <_io.BufferedReader name=5>
  for index, test in enumerate(self):
ResourceWarning: Enable tracemalloc to get the object allocation traceback
/usr/lib/python3.12/unittest/suite.py:107: ResourceWarning: unclosed file <_io.BufferedReader name=7>
  for index, test in enumerate(self):
ResourceWarning: Enable tracemalloc to get the object allocation traceback
./usr/lib/python3.12/unittest/suite.py:107: ResourceWarning: unclosed file <_io.BufferedWriter name=4>
  for index, test in enumerate(self):
ResourceWarning: Enable tracemalloc to get the object allocation traceback
/usr/lib/python3.12/unittest/suite.py:107: ResourceWarning: unclosed file <_io.BufferedReader name=5>
  for index, test in enumerate(self):
ResourceWarning: Enable tracemalloc to get the object allocation traceback
/usr/lib/python3.12/unittest/suite.py:107: ResourceWarning: unclosed file <_io.BufferedReader name=7>
  for index, test in enumerate(self):
ResourceWarning: Enable tracemalloc to get the object allocation traceback
./usr/lib/python3.12/unittest/suite.py:107: ResourceWarning: unclosed file <_io.BufferedWriter name=4>
  for index, test in enumerate(self):
ResourceWarning: Enable tracemalloc to get the object allocation traceback
/usr/lib/python3.12/unittest/suite.py:107: ResourceWarning: unclosed file <_io.BufferedReader name=5>
  for index, test in enumerate(self):
ResourceWarning: Enable tracemalloc to get the object allocation traceback
/usr/lib/python3.12/unittest/suite.py:107: ResourceWarning: unclosed file <_io.BufferedReader name=7>
  for index, test in enumerate(self):
ResourceWarning: Enable tracemalloc to get the object allocation traceback
./usr/lib/python3.12/unittest/suite.py:107: ResourceWarning: unclosed file <_io.BufferedWriter name=4>
  for index, test in enumerate(self):
ResourceWarning: Enable tracemalloc to get the object allocation traceback
/usr/lib/python3.12/unittest/suite.py:107: ResourceWarning: unclosed file <_io.BufferedReader name=5>
  for index, test in enumerate(self):
ResourceWarning: Enable tracemalloc to get the object allocation traceback
/usr/lib/python3.12/unittest/suite.py:107: ResourceWarning: unclosed file <_io.BufferedReader name=7>
  for index, test in enumerate(self):
ResourceWarning: Enable tracemalloc to get the object allocation traceback
./usr/lib/python3.12/unittest/suite.py:84: ResourceWarning: unclosed file <_io.BufferedWriter name=4>
  return self.run(*args, **kwds)
ResourceWarning: Enable tracemalloc to get the object allocation traceback
/usr/lib/python3.12/unittest/suite.py:84: ResourceWarning: unclosed file <_io.BufferedReader name=5>
  return self.run(*args, **kwds)
ResourceWarning: Enable tracemalloc to get the object allocation traceback
/usr/lib/python3.12/unittest/suite.py:84: ResourceWarning: unclosed file <_io.BufferedReader name=7>
  return self.run(*args, **kwds)
ResourceWarning: Enable tracemalloc to get the object allocation traceback
/usr/lib/python3.12/unittest/case.py:589: ResourceWarning: unclosed file <_io.BufferedWriter name=4>
  if method() is not None:
ResourceWarning: Enable tracemalloc to get the object allocation traceback
/usr/lib/python3.12/unittest/case.py:589: ResourceWarning: unclosed file <_io.BufferedReader name=5>
  if method() is not None:
ResourceWarning: Enable tracemalloc to get the object allocation traceback
/usr/lib/python3.12/unittest/case.py:589: ResourceWarning: unclosed file <_io.BufferedReader name=7>
  if method() is not None:
ResourceWarning: Enable tracemalloc to get the object allocation traceback
./usr/lib/python3.12/unittest/case.py:589: ResourceWarning: unclosed file <_io.BufferedWriter name=4>
  if method() is not None:
ResourceWarning: Enable tracemalloc to get the object allocation traceback
/usr/lib/python3.12/unittest/case.py:589: ResourceWarning: unclosed file <_io.BufferedReader name=5>
  if method() is not None:
ResourceWarning: Enable tracemalloc to get the object allocation traceback
/usr/lib/python3.12/unittest/case.py:589: ResourceWarning: unclosed file <_io.BufferedReader name=7>
  if method() is not None:
ResourceWarning: Enable tracemalloc to get the object allocation traceback
./usr/lib/python3.12/unittest/case.py:589: ResourceWarning: unclosed file <_io.BufferedWriter name=4>
  if method() is not None:
ResourceWarning: Enable tracemalloc to get the object allocation traceback
/usr/lib/python3.12/unittest/case.py:589: ResourceWarning: unclosed file <_io.BufferedReader name=5>
  if method() is not None:
ResourceWarning: Enable tracemalloc to get the object allocation traceback
/usr/lib/python3.12/unittest/case.py:589: ResourceWarning: unclosed file <_io.BufferedReader name=7>
  if method() is not None:
ResourceWarning: Enable tracemalloc to get the object allocation traceback
./usr/lib/python3.12/unittest/case.py:589: ResourceWarning: unclosed file <_io.BufferedWriter name=5>
  if method() is not None:
ResourceWarning: Enable tracemalloc to get the object allocation traceback
/usr/lib/python3.12/unittest/case.py:589: ResourceWarning: unclosed file <_io.BufferedReader name=6>
  if method() is not None:
ResourceWarning: Enable tracemalloc to get the object allocation traceback
/usr/lib/python3.12/unittest/case.py:589: ResourceWarning: unclosed file <_io.BufferedReader name=8>
  if method() is not None:
ResourceWarning: Enable tracemalloc to get the object allocation traceback
/usr/lib/python3.12/unittest/case.py:638: ResourceWarning: unclosed <socket.socket fd=3, family=2, type=1, proto=0, laddr=('127.0.0.1', 56709)>
  self.doCleanups()
ResourceWarning: Enable tracemalloc to get the object allocation traceback
./usr/lib/python3.12/unittest/case.py:589: ResourceWarning: unclosed file <_io.BufferedWriter name=5>
  if method() is not None:
ResourceWarning: Enable tracemalloc to get the object allocation traceback
/usr/lib/python3.12/unittest/case.py:589: ResourceWarning: unclosed file <_io.BufferedReader name=6>
  if method() is not None:
ResourceWarning: Enable tracemalloc to get the object allocation traceback
/usr/lib/python3.12/unittest/case.py:589: ResourceWarning: unclosed file <_io.BufferedReader name=8>
  if method() is not None:
ResourceWarning: Enable tracemalloc to get the object allocation traceback
/usr/lib/python3.12/unittest/case.py:638: ResourceWarning: unclosed <socket.socket fd=3, family=2, type=1, proto=0, laddr=('127.0.0.1', 43889)>
  self.doCleanups()
ResourceWarning: Enable tracemalloc to get the object allocation traceback
./usr/lib/python3.12/unittest/case.py:589: ResourceWarning: unclosed file <_io.BufferedWriter name=5>
  if method() is not None:
ResourceWarning: Enable tracemalloc to get the object allocation traceback
/usr/lib/python3.12/unittest/case.py:589: ResourceWarning: unclosed file <_io.BufferedReader name=6>
  if method() is not None:
ResourceWarning: Enable tracemalloc to get the object allocation traceback
/usr/lib/python3.12/unittest/case.py:589: ResourceWarning: unclosed file <_io.BufferedReader name=8>
  if method() is not None:
ResourceWarning: Enable tracemalloc to get the object allocation traceback
/usr/lib/python3.12/unittest/case.py:638: ResourceWarning: unclosed <socket.socket fd=3, family=2, type=1, proto=0, laddr=('127.0.0.1', 55885)>
  self.doCleanups()
ResourceWarning: Enable tracemalloc to get the object allocation traceback
../usr/lib/python3.12/unittest/suite.py:107: ResourceWarning: unclosed file <_io.BufferedWriter name=4>
  for index, test in enumerate(self):
ResourceWarning: Enable tracemalloc to get the object allocation traceback
/usr/lib/python3.12/unittest/suite.py:107: ResourceWarning: unclosed file <_io.BufferedReader name=5>
  for index, test in enumerate(self):
ResourceWarning: Enable tracemalloc to get the object allocation traceback
/usr/lib/python3.12/unittest/suite.py:107: ResourceWarning: unclosed file <_io.BufferedReader name=7>
  for index, test in enumerate(self):
ResourceWarning: Enable tracemalloc to get the object allocation traceback
/usr/lib/python3.12/subprocess.py:1127: ResourceWarning: subprocess 14597 is still running
  _warn("subprocess %s is still running" % self.pid,
ResourceWarning: Enable tracemalloc to get the object allocation traceback
./usr/lib/python3.12/subprocess.py:1127: ResourceWarning: subprocess 14596 is still running
  _warn("subprocess %s is still running" % self.pid,
ResourceWarning: Enable tracemalloc to get the object allocation traceback
/usr/lib/python3.12/subprocess.py:271: ResourceWarning: unclosed file <_io.BufferedWriter name=6>
  for inst in _active[:]:
ResourceWarning: Enable tracemalloc to get the object allocation traceback
/usr/lib/python3.12/subprocess.py:271: ResourceWarning: unclosed file <_io.BufferedReader name=8>
  for inst in _active[:]:
ResourceWarning: Enable tracemalloc to get the object allocation traceback
/usr/lib/python3.12/subprocess.py:271: ResourceWarning: unclosed file <_io.BufferedReader name=10>
  for inst in _active[:]:
ResourceWarning: Enable tracemalloc to get the object allocation traceback
./usr/lib/python3.12/unittest/suite.py:107: ResourceWarning: unclosed file <_io.BufferedWriter name=6>
  for index, test in enumerate(self):
ResourceWarning: Enable tracemalloc to get the object allocation traceback
/usr/lib/python3.12/unittest/suite.py:107: ResourceWarning: unclosed file <_io.BufferedReader name=8>
  for index, test in enumerate(self):
ResourceWarning: Enable tracemalloc to get the object allocation traceback
/usr/lib/python3.12/unittest/suite.py:107: ResourceWarning: unclosed file <_io.BufferedReader name=10>
  for index, test in enumerate(self):
ResourceWarning: Enable tracemalloc to get the object allocation traceback
/usr/lib/python3.12/subprocess.py:822: ResourceWarning: unclosed file <_io.BufferedWriter name=4>
  _cleanup()
ResourceWarning: Enable tracemalloc to get the object allocation traceback
/usr/lib/python3.12/subprocess.py:822: ResourceWarning: unclosed file <_io.BufferedReader name=5>
  _cleanup()
ResourceWarning: Enable tracemalloc to get the object allocation traceback
/usr/lib/python3.12/subprocess.py:822: ResourceWarning: unclosed file <_io.BufferedReader name=7>
  _cleanup()
ResourceWarning: Enable tracemalloc to get the object allocation traceback
./usr/lib/python3.12/unittest/suite.py:107: ResourceWarning: unclosed file <_io.BufferedWriter name=4>
  for index, test in enumerate(self):
ResourceWarning: Enable tracemalloc to get the object allocation traceback
/usr/lib/python3.12/unittest/suite.py:107: ResourceWarning: unclosed file <_io.BufferedReader name=5>
  for index, test in enumerate(self):
ResourceWarning: Enable tracemalloc to get the object allocation traceback
/usr/lib/python3.12/unittest/suite.py:107: ResourceWarning: unclosed file <_io.BufferedReader name=7>
  for index, test in enumerate(self):
ResourceWarning: Enable tracemalloc to get the object allocation traceback
./usr/lib/python3.12/unittest/suite.py:107: ResourceWarning: unclosed file <_io.BufferedWriter name=4>
  for index, test in enumerate(self):
ResourceWarning: Enable tracemalloc to get the object allocation traceback
/usr/lib/python3.12/unittest/suite.py:107: ResourceWarning: unclosed file <_io.BufferedReader name=5>
  for index, test in enumerate(self):
ResourceWarning: Enable tracemalloc to get the object allocation traceback
/usr/lib/python3.12/unittest/suite.py:107: ResourceWarning: unclosed file <_io.BufferedReader name=7>
  for index, test in enumerate(self):
ResourceWarning: Enable tracemalloc to get the object allocation traceback
./usr/lib/python3.12/unittest/suite.py:107: ResourceWarning: unclosed file <_io.BufferedWriter name=4>
  for index, test in enumerate(self):
ResourceWarning: Enable tracemalloc to get the object allocation traceback
/usr/lib/python3.12/unittest/suite.py:107: ResourceWarning: unclosed file <_io.BufferedReader name=5>
  for index, test in enumerate(self):
ResourceWarning: Enable tracemalloc to get the object allocation traceback
/usr/lib/python3.12/unittest/suite.py:107: ResourceWarning: unclosed file <_io.BufferedReader name=7>
  for index, test in enumerate(self):
ResourceWarning: Enable tracemalloc to get the object allocation traceback
./usr/lib/python3.12/unittest/suite.py:84: ResourceWarning: unclosed file <_io.BufferedWriter name=4>
  return self.run(*args, **kwds)
ResourceWarning: Enable tracemalloc to get the object allocation traceback
/usr/lib/python3.12/unittest/suite.py:84: ResourceWarning: unclosed file <_io.BufferedReader name=5>
  return self.run(*args, **kwds)
ResourceWarning: Enable tracemalloc to get the object allocation traceback
/usr/lib/python3.12/unittest/suite.py:84: ResourceWarning: unclosed file <_io.BufferedReader name=7>
  return self.run(*args, **kwds)
ResourceWarning: Enable tracemalloc to get the object allocation traceback
./usr/lib/python3.12/unittest/suite.py:107: ResourceWarning: unclosed file <_io.BufferedWriter name=4>
  for index, test in enumerate(self):
ResourceWarning: Enable tracemalloc to get the object allocation traceback
/usr/lib/python3.12/unittest/suite.py:107: ResourceWarning: unclosed file <_io.BufferedReader name=5>
  for index, test in enumerate(self):
ResourceWarning: Enable tracemalloc to get the object allocation traceback
/usr/lib/python3.12/unittest/suite.py:107: ResourceWarning: unclosed file <_io.BufferedReader name=7>
  for index, test in enumerate(self):
ResourceWarning: Enable tracemalloc to get the object allocation traceback
./usr/lib/python3.12/unittest/suite.py:107: ResourceWarning: unclosed file <_io.BufferedWriter name=4>
  for index, test in enumerate(self):
ResourceWarning: Enable tracemalloc to get the object allocation traceback
/usr/lib/python3.12/unittest/suite.py:107: ResourceWarning: unclosed file <_io.BufferedReader name=5>
  for index, test in enumerate(self):
ResourceWarning: Enable tracemalloc to get the object allocation traceback
/usr/lib/python3.12/unittest/suite.py:107: ResourceWarning: unclosed file <_io.BufferedReader name=7>
  for index, test in enumerate(self):
ResourceWarning: Enable tracemalloc to get the object allocation traceback
./usr/lib/python3.12/unittest/suite.py:107: ResourceWarning: unclosed file <_io.BufferedWriter name=4>
  for index, test in enumerate(self):
ResourceWarning: Enable tracemalloc to get the object allocation traceback
/usr/lib/python3.12/unittest/suite.py:107: ResourceWarning: unclosed file <_io.BufferedReader name=5>
  for index, test in enumerate(self):
ResourceWarning: Enable tracemalloc to get the object allocation traceback
/usr/lib/python3.12/unittest/suite.py:107: ResourceWarning: unclosed file <_io.BufferedReader name=7>
  for index, test in enumerate(self):
ResourceWarning: Enable tracemalloc to get the object allocation traceback
./usr/lib/python3.12/unittest/suite.py:107: ResourceWarning: unclosed file <_io.BufferedWriter name=4>
  for index, test in enumerate(self):
ResourceWarning: Enable tracemalloc to get the object allocation traceback
/usr/lib/python3.12/unittest/suite.py:107: ResourceWarning: unclosed file <_io.BufferedReader name=5>
  for index, test in enumerate(self):
ResourceWarning: Enable tracemalloc to get the object allocation traceback
/usr/lib/python3.12/unittest/suite.py:107: ResourceWarning: unclosed file <_io.BufferedReader name=7>
  for index, test in enumerate(self):
ResourceWarning: Enable tracemalloc to get the object allocation traceback
./usr/lib/python3.12/unittest/suite.py:84: ResourceWarning: unclosed file <_io.BufferedWriter name=4>
  return self.run(*args, **kwds)
ResourceWarning: Enable tracemalloc to get the object allocation traceback
/usr/lib/python3.12/unittest/suite.py:84: ResourceWarning: unclosed file <_io.BufferedReader name=5>
  return self.run(*args, **kwds)
ResourceWarning: Enable tracemalloc to get the object allocation traceback
/usr/lib/python3.12/unittest/suite.py:84: ResourceWarning: unclosed file <_io.BufferedReader name=7>
  return self.run(*args, **kwds)
ResourceWarning: Enable tracemalloc to get the object allocation traceback
./usr/lib/python3.12/unittest/suite.py:107: ResourceWarning: unclosed file <_io.BufferedWriter name=4>
  for index, test in enumerate(self):
ResourceWarning: Enable tracemalloc to get the object allocation traceback
/usr/lib/python3.12/unittest/suite.py:107: ResourceWarning: unclosed file <_io.BufferedReader name=5>
  for index, test in enumerate(self):
ResourceWarning: Enable tracemalloc to get the object allocation traceback
/usr/lib/python3.12/unittest/suite.py:107: ResourceWarning: unclosed file <_io.BufferedReader name=7>
  for index, test in enumerate(self):
ResourceWarning: Enable tracemalloc to get the object allocation traceback
./usr/lib/python3.12/unittest/suite.py:107: ResourceWarning: unclosed file <_io.BufferedWriter name=4>
  for index, test in enumerate(self):
ResourceWarning: Enable tracemalloc to get the object allocation traceback
/usr/lib/python3.12/unittest/suite.py:107: ResourceWarning: unclosed file <_io.BufferedReader name=5>
  for index, test in enumerate(self):
ResourceWarning: Enable tracemalloc to get the object allocation traceback
/usr/lib/python3.12/unittest/suite.py:107: ResourceWarning: unclosed file <_io.BufferedReader name=7>
  for index, test in enumerate(self):
ResourceWarning: Enable tracemalloc to get the object allocation traceback
./usr/lib/python3.12/unittest/suite.py:84: ResourceWarning: unclosed file <_io.BufferedWriter name=4>
  return self.run(*args, **kwds)
ResourceWarning: Enable tracemalloc to get the object allocation traceback
/usr/lib/python3.12/unittest/suite.py:84: ResourceWarning: unclosed file <_io.BufferedReader name=5>
  return self.run(*args, **kwds)
ResourceWarning: Enable tracemalloc to get the object allocation traceback
/usr/lib/python3.12/unittest/suite.py:84: ResourceWarning: unclosed file <_io.BufferedReader name=7>
  return self.run(*args, **kwds)
ResourceWarning: Enable tracemalloc to get the object allocation traceback
................./home/hatch/workspace/awino-rebuild/prototype/tests/test_skills.py:24: ResourceWarning: unclosed file <_io.TextIOWrapper name='/home/hatch/workspace/awino-rebuild/prototype/tests/../skills/manifest.json' mode='r' encoding='utf-8'>
  manifest = json.load(open(STORE_DIR / "manifest.json"))
ResourceWarning: Enable tracemalloc to get the object allocation traceback
.....................................................................................
======================================================================
FAIL: test_malformed_seed_frontmatter_ignored_not_fatal (tests.test_battle.EdgeCaseTest.test_malformed_seed_frontmatter_ignored_not_fatal)
----------------------------------------------------------------------
Traceback (most recent call last):
  File "/home/hatch/workspace/awino-rebuild/prototype/tests/test_battle.py", line 126, in test_malformed_seed_frontmatter_ignored_not_fatal
    self.assertTrue(report["ok"])
AssertionError: False is not true

----------------------------------------------------------------------
Ran 409 tests in 367.065s

FAILED (failures=1)
